#! /usr/bin/vvp
:ivl_version "11.0 (stable)";
:ivl_delay_selection "TYPICAL";
:vpi_time_precision + 0;
:vpi_module "/usr/lib/x86_64-linux-gnu/ivl/system.vpi";
:vpi_module "/usr/lib/x86_64-linux-gnu/ivl/vhdl_sys.vpi";
:vpi_module "/usr/lib/x86_64-linux-gnu/ivl/vhdl_textio.vpi";
:vpi_module "/usr/lib/x86_64-linux-gnu/ivl/v2005_math.vpi";
:vpi_module "/usr/lib/x86_64-linux-gnu/ivl/va_math.vpi";
S_0x5ad8f6120cd0 .scope module, "top_filter" "top_filter" 2 1;
 .timescale 0 0;
P_0x5ad8f60f08c0 .param/l "FLUSH_CYCLES" 1 2 16, +C4<00000000000000000000000000100000>;
v0x5ad8f6153cb0_0 .var "clk", 0 0;
v0x5ad8f6153d70_0 .var/i "fd_in", 31 0;
v0x5ad8f6153e30_0 .var/i "fd_out", 31 0;
v0x5ad8f6153ef0_0 .var "n_reset", 0 0;
v0x5ad8f6153f90_0 .var/i "tmp", 31 0;
v0x5ad8f6154050_0 .var/s "x_in", 15 0;
v0x5ad8f6154110_0 .net/s "y_out", 15 0, v0x5ad8f611d200_0;  1 drivers
E_0x5ad8f6132100 .event posedge, v0x5ad8f6118550_0;
S_0x5ad8f61342a0 .scope module, "i_filter" "filter" 2 46, 3 1 0, S_0x5ad8f6120cd0;
 .timescale 0 0;
    .port_info 0 /INPUT 1 "clk";
    .port_info 1 /INPUT 1 "reset_n";
    .port_info 2 /INPUT 16 "d";
    .port_info 3 /OUTPUT 16 "q";
L_0x73cd3ac48018 .functor BUFT 1, C4<00000000000000001000000000000000>, C4<0>, C4<0>, C4<0>;
v0x5ad8f6121a80_0 .net/2s *"_ivl_0", 31 0, L_0x73cd3ac48018;  1 drivers
v0x5ad8f6118550_0 .net "clk", 0 0, v0x5ad8f6153cb0_0;  1 drivers
v0x5ad8f61185f0_0 .net "d", 15 0, v0x5ad8f6154050_0;  1 drivers
v0x5ad8f611bd70 .array/s "h", 20 0, 15 0;
v0x5ad8f611be10_0 .var/i "i", 31 0;
v0x5ad8f611d160 .array/s "mul", 20 0, 31 0;
v0x5ad8f611d200_0 .var "q", 15 0;
v0x5ad8f61538f0_0 .net/s "q_rnd", 31 0, L_0x5ad8f6164250;  1 drivers
v0x5ad8f61539d0_0 .net "reset_n", 0 0, v0x5ad8f6153ef0_0;  1 drivers
v0x5ad8f6153a90_0 .var/s "sum", 31 0;
v0x5ad8f6153b70 .array/s "x", 20 0, 15 0;
E_0x5ad8f6129270/0 .event negedge, v0x5ad8f61539d0_0;
E_0x5ad8f6129270/1 .event posedge, v0x5ad8f6118550_0;
E_0x5ad8f6129270 .event/or E_0x5ad8f6129270/0, E_0x5ad8f6129270/1;
v0x5ad8f611d160_0 .array/port v0x5ad8f611d160, 0;
v0x5ad8f611d160_1 .array/port v0x5ad8f611d160, 1;
v0x5ad8f611d160_2 .array/port v0x5ad8f611d160, 2;
E_0x5ad8f61139b0/0 .event edge, v0x5ad8f6153a90_0, v0x5ad8f611d160_0, v0x5ad8f611d160_1, v0x5ad8f611d160_2;
v0x5ad8f611d160_3 .array/port v0x5ad8f611d160, 3;
v0x5ad8f611d160_4 .array/port v0x5ad8f611d160, 4;
v0x5ad8f611d160_5 .array/port v0x5ad8f611d160, 5;
v0x5ad8f611d160_6 .array/port v0x5ad8f611d160, 6;
E_0x5ad8f61139b0/1 .event edge, v0x5ad8f611d160_3, v0x5ad8f611d160_4, v0x5ad8f611d160_5, v0x5ad8f611d160_6;
v0x5ad8f611d160_7 .array/port v0x5ad8f611d160, 7;
v0x5ad8f611d160_8 .array/port v0x5ad8f611d160, 8;
v0x5ad8f611d160_9 .array/port v0x5ad8f611d160, 9;
v0x5ad8f611d160_10 .array/port v0x5ad8f611d160, 10;
E_0x5ad8f61139b0/2 .event edge, v0x5ad8f611d160_7, v0x5ad8f611d160_8, v0x5ad8f611d160_9, v0x5ad8f611d160_10;
v0x5ad8f611d160_11 .array/port v0x5ad8f611d160, 11;
v0x5ad8f611d160_12 .array/port v0x5ad8f611d160, 12;
v0x5ad8f611d160_13 .array/port v0x5ad8f611d160, 13;
v0x5ad8f611d160_14 .array/port v0x5ad8f611d160, 14;
E_0x5ad8f61139b0/3 .event edge, v0x5ad8f611d160_11, v0x5ad8f611d160_12, v0x5ad8f611d160_13, v0x5ad8f611d160_14;
v0x5ad8f611d160_15 .array/port v0x5ad8f611d160, 15;
v0x5ad8f611d160_16 .array/port v0x5ad8f611d160, 16;
v0x5ad8f611d160_17 .array/port v0x5ad8f611d160, 17;
v0x5ad8f611d160_18 .array/port v0x5ad8f611d160, 18;
E_0x5ad8f61139b0/4 .event edge, v0x5ad8f611d160_15, v0x5ad8f611d160_16, v0x5ad8f611d160_17, v0x5ad8f611d160_18;
v0x5ad8f611d160_19 .array/port v0x5ad8f611d160, 19;
v0x5ad8f611d160_20 .array/port v0x5ad8f611d160, 20;
E_0x5ad8f61139b0/5 .event edge, v0x5ad8f611d160_19, v0x5ad8f611d160_20;
E_0x5ad8f61139b0 .event/or E_0x5ad8f61139b0/0, E_0x5ad8f61139b0/1, E_0x5ad8f61139b0/2, E_0x5ad8f61139b0/3, E_0x5ad8f61139b0/4, E_0x5ad8f61139b0/5;
L_0x5ad8f6164250 .arith/sum 32, v0x5ad8f6153a90_0, L_0x73cd3ac48018;
    .scope S_0x5ad8f61342a0;
T_0 ;
    %wait E_0x5ad8f6129270;
    %load/vec4 v0x5ad8f61539d0_0;
    %inv;
    %flag_set/vec4 8;
    %jmp/0xz  T_0.0, 8;
    %pushi/vec4 0, 0, 32;
    %store/vec4 v0x5ad8f611be10_0, 0, 32;
T_0.2 ;
    %load/vec4 v0x5ad8f611be10_0;
    %cmpi/s 21, 0, 32;
    %jmp/0xz T_0.3, 5;
    %pushi/vec4 0, 0, 16;
    %ix/getv/s 3, v0x5ad8f611be10_0;
    %ix/load 4, 0, 0; Constant delay
    %assign/vec4/a/d v0x5ad8f6153b70, 0, 4;
    %load/vec4 v0x5ad8f611be10_0;
    %addi 1, 0, 32;
    %store/vec4 v0x5ad8f611be10_0, 0, 32;
    %jmp T_0.2;
T_0.3 ;
    %jmp T_0.1;
T_0.0 ;
    %load/vec4 v0x5ad8f61185f0_0;
    %ix/load 3, 0, 0;
    %flag_set/imm 4, 0;
    %ix/load 4, 0, 0; Constant delay
    %assign/vec4/a/d v0x5ad8f6153b70, 0, 4;
    %pushi/vec4 1, 0, 32;
    %store/vec4 v0x5ad8f611be10_0, 0, 32;
T_0.4 ;
    %load/vec4 v0x5ad8f611be10_0;
    %cmpi/s 21, 0, 32;
    %jmp/0xz T_0.5, 5;
    %load/vec4 v0x5ad8f611be10_0;
    %pad/s 33;
    %subi 1, 0, 33;
    %ix/vec4/s 4;
    %load/vec4a v0x5ad8f6153b70, 4;
    %ix/getv/s 3, v0x5ad8f611be10_0;
    %ix/load 4, 0, 0; Constant delay
    %assign/vec4/a/d v0x5ad8f6153b70, 0, 4;
    %load/vec4 v0x5ad8f611be10_0;
    %addi 1, 0, 32;
    %store/vec4 v0x5ad8f611be10_0, 0, 32;
    %jmp T_0.4;
T_0.5 ;
T_0.1 ;
    %jmp T_0;
    .thread T_0;
    .scope S_0x5ad8f61342a0;
T_1 ;
    %wait E_0x5ad8f6129270;
    %load/vec4 v0x5ad8f61539d0_0;
    %inv;
    %flag_set/vec4 8;
    %jmp/0xz  T_1.0, 8;
    %pushi/vec4 65526, 0, 16;
    %ix/load 3, 0, 0;
    %flag_set/imm 4, 0;
    %ix/load 4, 0, 0; Constant delay
    %assign/vec4/a/d v0x5ad8f611bd70, 0, 4;
    %pushi/vec4 62, 0, 16;
    %ix/load 3, 1, 0;
    %flag_set/imm 4, 0;
    %ix/load 4, 0, 0; Constant delay
    %assign/vec4/a/d v0x5ad8f611bd70, 0, 4;
    %pushi/vec4 84, 0, 16;
    %ix/load 3, 2, 0;
    %flag_set/imm 4, 0;
    %ix/load 4, 0, 0; Constant delay
    %assign/vec4/a/d v0x5ad8f611bd70, 0, 4;
    %pushi/vec4 65240, 0, 16;
    %ix/load 3, 3, 0;
    %flag_set/imm 4, 0;
    %ix/load 4, 0, 0; Constant delay
    %assign/vec4/a/d v0x5ad8f611bd70, 0, 4;
    %pushi/vec4 65290, 0, 16;
    %ix/load 3, 4, 0;
    %flag_set/imm 4, 0;
    %ix/load 4, 0, 0; Constant delay
    %assign/vec4/a/d v0x5ad8f611bd70, 0, 4;
    %pushi/vec4 954, 0, 16;
    %ix/load 3, 5, 0;
    %flag_set/imm 4, 0;
    %ix/load 4, 0, 0; Constant delay
    %assign/vec4/a/d v0x5ad8f611bd70, 0, 4;
    %pushi/vec4 477, 0, 16;
    %ix/load 3, 6, 0;
    %flag_set/imm 4, 0;
    %ix/load 4, 0, 0; Constant delay
    %assign/vec4/a/d v0x5ad8f611bd70, 0, 4;
    %pushi/vec4 62891, 0, 16;
    %ix/load 3, 7, 0;
    %flag_set/imm 4, 0;
    %ix/load 4, 0, 0; Constant delay
    %assign/vec4/a/d v0x5ad8f611bd70, 0, 4;
    %pushi/vec4 64847, 0, 16;
    %ix/load 3, 8, 0;
    %flag_set/imm 4, 0;
    %ix/load 4, 0, 0; Constant delay
    %assign/vec4/a/d v0x5ad8f611bd70, 0, 4;
    %pushi/vec4 10122, 0, 16;
    %ix/load 3, 9, 0;
    %flag_set/imm 4, 0;
    %ix/load 4, 0, 0; Constant delay
    %assign/vec4/a/d v0x5ad8f611bd70, 0, 4;
    %pushi/vec4 17159, 0, 16;
    %ix/load 3, 10, 0;
    %flag_set/imm 4, 0;
    %ix/load 4, 0, 0; Constant delay
    %assign/vec4/a/d v0x5ad8f611bd70, 0, 4;
    %pushi/vec4 10122, 0, 16;
    %ix/load 3, 11, 0;
    %flag_set/imm 4, 0;
    %ix/load 4, 0, 0; Constant delay
    %assign/vec4/a/d v0x5ad8f611bd70, 0, 4;
    %pushi/vec4 64847, 0, 16;
    %ix/load 3, 12, 0;
    %flag_set/imm 4, 0;
    %ix/load 4, 0, 0; Constant delay
    %assign/vec4/a/d v0x5ad8f611bd70, 0, 4;
    %pushi/vec4 62891, 0, 16;
    %ix/load 3, 13, 0;
    %flag_set/imm 4, 0;
    %ix/load 4, 0, 0; Constant delay
    %assign/vec4/a/d v0x5ad8f611bd70, 0, 4;
    %pushi/vec4 477, 0, 16;
    %ix/load 3, 14, 0;
    %flag_set/imm 4, 0;
    %ix/load 4, 0, 0; Constant delay
    %assign/vec4/a/d v0x5ad8f611bd70, 0, 4;
    %pushi/vec4 954, 0, 16;
    %ix/load 3, 15, 0;
    %flag_set/imm 4, 0;
    %ix/load 4, 0, 0; Constant delay
    %assign/vec4/a/d v0x5ad8f611bd70, 0, 4;
    %pushi/vec4 65290, 0, 16;
    %ix/load 3, 16, 0;
    %flag_set/imm 4, 0;
    %ix/load 4, 0, 0; Constant delay
    %assign/vec4/a/d v0x5ad8f611bd70, 0, 4;
    %pushi/vec4 65240, 0, 16;
    %ix/load 3, 17, 0;
    %flag_set/imm 4, 0;
    %ix/load 4, 0, 0; Constant delay
    %assign/vec4/a/d v0x5ad8f611bd70, 0, 4;
    %pushi/vec4 84, 0, 16;
    %ix/load 3, 18, 0;
    %flag_set/imm 4, 0;
    %ix/load 4, 0, 0; Constant delay
    %assign/vec4/a/d v0x5ad8f611bd70, 0, 4;
    %pushi/vec4 62, 0, 16;
    %ix/load 3, 19, 0;
    %flag_set/imm 4, 0;
    %ix/load 4, 0, 0; Constant delay
    %assign/vec4/a/d v0x5ad8f611bd70, 0, 4;
    %pushi/vec4 65526, 0, 16;
    %ix/load 3, 20, 0;
    %flag_set/imm 4, 0;
    %ix/load 4, 0, 0; Constant delay
    %assign/vec4/a/d v0x5ad8f611bd70, 0, 4;
T_1.0 ;
    %jmp T_1;
    .thread T_1;
    .scope S_0x5ad8f61342a0;
T_2 ;
    %wait E_0x5ad8f6129270;
    %load/vec4 v0x5ad8f61539d0_0;
    %inv;
    %flag_set/vec4 8;
    %jmp/0xz  T_2.0, 8;
    %pushi/vec4 0, 0, 32;
    %store/vec4 v0x5ad8f611be10_0, 0, 32;
T_2.2 ;
    %load/vec4 v0x5ad8f611be10_0;
    %cmpi/s 21, 0, 32;
    %jmp/0xz T_2.3, 5;
    %pushi/vec4 0, 0, 32;
    %ix/getv/s 3, v0x5ad8f611be10_0;
    %ix/load 4, 0, 0; Constant delay
    %assign/vec4/a/d v0x5ad8f611d160, 0, 4;
    ; show_stmt_assign_vector: Get l-value for compressed += operand
    %load/vec4 v0x5ad8f611be10_0;
    %pushi/vec4 1, 0, 32;
    %add;
    %store/vec4 v0x5ad8f611be10_0, 0, 32;
    %jmp T_2.2;
T_2.3 ;
    %jmp T_2.1;
T_2.0 ;
    %pushi/vec4 0, 0, 32;
    %store/vec4 v0x5ad8f611be10_0, 0, 32;
T_2.4 ;
    %load/vec4 v0x5ad8f611be10_0;
    %cmpi/s 21, 0, 32;
    %jmp/0xz T_2.5, 5;
    %ix/getv/s 4, v0x5ad8f611be10_0;
    %load/vec4a v0x5ad8f6153b70, 4;
    %pad/s 32;
    %ix/getv/s 4, v0x5ad8f611be10_0;
    %load/vec4a v0x5ad8f611bd70, 4;
    %pad/s 32;
    %mul;
    %ix/getv/s 3, v0x5ad8f611be10_0;
    %ix/load 4, 0, 0; Constant delay
    %assign/vec4/a/d v0x5ad8f611d160, 0, 4;
    ; show_stmt_assign_vector: Get l-value for compressed += operand
    %load/vec4 v0x5ad8f611be10_0;
    %pushi/vec4 1, 0, 32;
    %add;
    %store/vec4 v0x5ad8f611be10_0, 0, 32;
    %jmp T_2.4;
T_2.5 ;
T_2.1 ;
    %jmp T_2;
    .thread T_2;
    .scope S_0x5ad8f61342a0;
T_3 ;
    %wait E_0x5ad8f61139b0;
    %pushi/vec4 0, 0, 32;
    %store/vec4 v0x5ad8f6153a90_0, 0, 32;
    %pushi/vec4 0, 0, 32;
    %store/vec4 v0x5ad8f611be10_0, 0, 32;
T_3.0 ;
    %load/vec4 v0x5ad8f611be10_0;
    %cmpi/s 21, 0, 32;
    %jmp/0xz T_3.1, 5;
    %load/vec4 v0x5ad8f6153a90_0;
    %ix/getv/s 4, v0x5ad8f611be10_0;
    %load/vec4a v0x5ad8f611d160, 4;
    %add;
    %store/vec4 v0x5ad8f6153a90_0, 0, 32;
    ; show_stmt_assign_vector: Get l-value for compressed += operand
    %load/vec4 v0x5ad8f611be10_0;
    %pushi/vec4 1, 0, 32;
    %add;
    %store/vec4 v0x5ad8f611be10_0, 0, 32;
    %jmp T_3.0;
T_3.1 ;
    %jmp T_3;
    .thread T_3, $push;
    .scope S_0x5ad8f61342a0;
T_4 ;
    %wait E_0x5ad8f6129270;
    %load/vec4 v0x5ad8f61539d0_0;
    %inv;
    %flag_set/vec4 8;
    %jmp/0xz  T_4.0, 8;
    %pushi/vec4 0, 0, 16;
    %assign/vec4 v0x5ad8f611d200_0, 0;
    %jmp T_4.1;
T_4.0 ;
    %load/vec4 v0x5ad8f61538f0_0;
    %parti/s 16, 16, 6;
    %assign/vec4 v0x5ad8f611d200_0, 0;
T_4.1 ;
    %jmp T_4;
    .thread T_4;
    .scope S_0x5ad8f6120cd0;
T_5 ;
    %pushi/vec4 0, 0, 1;
    %store/vec4 v0x5ad8f6153cb0_0, 0, 1;
    %end;
    .thread T_5;
    .scope S_0x5ad8f6120cd0;
T_6 ;
    %delay 5, 0;
    %load/vec4 v0x5ad8f6153cb0_0;
    %inv;
    %store/vec4 v0x5ad8f6153cb0_0, 0, 1;
    %jmp T_6;
    .thread T_6;
    .scope S_0x5ad8f6120cd0;
T_7 ;
    %vpi_func 2 20 "$fopen" 32, "fixed_input_c.txt", "r" {0 0 0};
    %store/vec4 v0x5ad8f6153d70_0, 0, 32;
    %vpi_func 2 21 "$fopen" 32, "output_v.txt", "w" {0 0 0};
    %store/vec4 v0x5ad8f6153e30_0, 0, 32;
    %pushi/vec4 0, 0, 16;
    %store/vec4 v0x5ad8f6154050_0, 0, 16;
    %pushi/vec4 1, 0, 1;
    %store/vec4 v0x5ad8f6153ef0_0, 0, 1;
    %delay 3, 0;
    %pushi/vec4 0, 0, 1;
    %store/vec4 v0x5ad8f6153ef0_0, 0, 1;
    %delay 20, 0;
    %pushi/vec4 1, 0, 1;
    %store/vec4 v0x5ad8f6153ef0_0, 0, 1;
    %wait E_0x5ad8f6132100;
    %wait E_0x5ad8f6132100;
    %wait E_0x5ad8f6132100;
T_7.0 ;
    %vpi_func 2 33 "$fscanf" 32, v0x5ad8f6153d70_0, "%d\012", v0x5ad8f6153f90_0 {0 0 0};
    %cmpi/s 0, 0, 32;
    %flag_or 5, 4; GT is !LE
    %flag_inv 5;
    %jmp/0xz T_7.1, 5;
    %load/vec4 v0x5ad8f6153f90_0;
    %pad/s 16;
    %store/vec4 v0x5ad8f6154050_0, 0, 16;
    %wait E_0x5ad8f6132100;
    %load/vec4 v0x5ad8f6154110_0;
    %vpi_call 2 36 "$fdisplay", v0x5ad8f6153e30_0, "%0d", S<0,vec4,s16> {1 0 0};
    %jmp T_7.0;
T_7.1 ;
    %vpi_call 2 40 "$fclose", v0x5ad8f6153d70_0 {0 0 0};
    %vpi_call 2 41 "$fclose", v0x5ad8f6153e30_0 {0 0 0};
    %vpi_call 2 42 "$finish" {0 0 0};
    %end;
    .thread T_7;
# The file index is used to find the file name in the following table.
:file_names 4;
    "N/A";
    "<interactive>";
    "top_filter.sv";
    "filter.v";
