#! /usr/bin/vvp
:ivl_version "11.0 (stable)";
:ivl_delay_selection "TYPICAL";
:vpi_time_precision - 12;
:vpi_module "/usr/lib/x86_64-linux-gnu/ivl/system.vpi";
:vpi_module "/usr/lib/x86_64-linux-gnu/ivl/vhdl_sys.vpi";
:vpi_module "/usr/lib/x86_64-linux-gnu/ivl/vhdl_textio.vpi";
:vpi_module "/usr/lib/x86_64-linux-gnu/ivl/v2005_math.vpi";
:vpi_module "/usr/lib/x86_64-linux-gnu/ivl/va_math.vpi";
S_0x5a263d948080 .scope module, "tb_lab5_matbi" "tb_lab5_matbi" 2 22;
 .timescale -9 -12;
v0x5a263d976c20_0 .var "clk", 0 0;
v0x5a263d976ce0_0 .var/i "i", 31 0;
v0x5a263d976dc0_0 .net "led", 3 0, L_0x5a263d987500;  1 drivers
v0x5a263d976e90_0 .var "reset_n", 0 0;
v0x5a263d976f30_0 .var "sw", 1 0;
E_0x5a263d94eba0 .event posedge, v0x5a263d942760_0;
S_0x5a263d954c40 .scope module, "u_blink" "Blink" 2 66, 3 1 0, S_0x5a263d948080;
 .timescale 0 0;
    .port_info 0 /INPUT 1 "clk";
    .port_info 1 /INPUT 1 "rstn";
    .port_info 2 /INPUT 2 "sw";
    .port_info 3 /OUTPUT 4 "led";
v0x5a263d976560_0 .net "clk", 0 0, v0x5a263d976c20_0;  1 drivers
v0x5a263d976620_0 .net "led", 3 0, L_0x5a263d987500;  alias, 1 drivers
v0x5a263d976700_0 .net "rstn", 0 0, v0x5a263d976e90_0;  1 drivers
v0x5a263d9767a0_0 .net "sw", 1 0, v0x5a263d976f30_0;  1 drivers
L_0x716b2cdb70a8 .functor BUFT 1, C4<00000000000000000000000001100100>, C4<0>, C4<0>, C4<0>;
v0x5a263d976860_0 .net "w_i_cnt_th_100M", 31 0, L_0x716b2cdb70a8;  1 drivers
L_0x716b2cdb70f0 .functor BUFT 1, C4<00000000000000000000000011001000>, C4<0>, C4<0>, C4<0>;
v0x5a263d976920_0 .net "w_i_cnt_th_200M", 31 0, L_0x716b2cdb70f0;  1 drivers
L_0x716b2cdb7018 .functor BUFT 1, C4<00000000000000000000000000011001>, C4<0>, C4<0>, C4<0>;
v0x5a263d9769f0_0 .net "w_i_cnt_th_25M", 31 0, L_0x716b2cdb7018;  1 drivers
L_0x716b2cdb7060 .functor BUFT 1, C4<00000000000000000000000000110010>, C4<0>, C4<0>, C4<0>;
v0x5a263d976ac0_0 .net "w_i_cnt_th_50M", 31 0, L_0x716b2cdb7060;  1 drivers
L_0x5a263d987170 .part v0x5a263d976f30_0, 0, 1;
L_0x5a263d987260 .part v0x5a263d976f30_0, 1, 1;
L_0x5a263d987300 .part v0x5a263d976f30_0, 0, 1;
L_0x5a263d987430 .part v0x5a263d976f30_0, 1, 1;
L_0x5a263d987500 .concat8 [ 1 1 1 1], v0x5a263d975b70_0, v0x5a263d976310_0, v0x5a263d945ca0_0, v0x5a263d9753b0_0;
S_0x5a263d954dd0 .scope module, "u_counter_100M" "Counter" 3 37, 4 1 0, S_0x5a263d954c40;
 .timescale 0 0;
    .port_info 0 /INPUT 1 "clk";
    .port_info 1 /INPUT 1 "rstn";
    .port_info 2 /INPUT 1 "en";
    .port_info 3 /INPUT 32 "i_freq";
    .port_info 4 /OUTPUT 1 "o_toggle";
v0x5a263d942760_0 .net "clk", 0 0, v0x5a263d976c20_0;  alias, 1 drivers
v0x5a263d940b00_0 .var "cnt", 31 0;
v0x5a263d940c00_0 .net "en", 0 0, L_0x5a263d987300;  1 drivers
v0x5a263d945ba0_0 .net "i_freq", 31 0, L_0x716b2cdb70a8;  alias, 1 drivers
v0x5a263d945ca0_0 .var "o_toggle", 0 0;
v0x5a263d943040_0 .net "rstn", 0 0, v0x5a263d976e90_0;  alias, 1 drivers
E_0x5a263d94f0c0/0 .event negedge, v0x5a263d943040_0;
E_0x5a263d94f0c0/1 .event posedge, v0x5a263d942760_0;
E_0x5a263d94f0c0 .event/or E_0x5a263d94f0c0/0, E_0x5a263d94f0c0/1;
S_0x5a263d974f70 .scope module, "u_counter_200M" "Counter" 3 45, 4 1 0, S_0x5a263d954c40;
 .timescale 0 0;
    .port_info 0 /INPUT 1 "clk";
    .port_info 1 /INPUT 1 "rstn";
    .port_info 2 /INPUT 1 "en";
    .port_info 3 /INPUT 32 "i_freq";
    .port_info 4 /OUTPUT 1 "o_toggle";
v0x5a263d941570_0 .net "clk", 0 0, v0x5a263d976c20_0;  alias, 1 drivers
v0x5a263d975170_0 .var "cnt", 31 0;
v0x5a263d975230_0 .net "en", 0 0, L_0x5a263d987430;  1 drivers
v0x5a263d9752d0_0 .net "i_freq", 31 0, L_0x716b2cdb70f0;  alias, 1 drivers
v0x5a263d9753b0_0 .var "o_toggle", 0 0;
v0x5a263d9754c0_0 .net "rstn", 0 0, v0x5a263d976e90_0;  alias, 1 drivers
S_0x5a263d975610 .scope module, "u_counter_25M" "Counter" 3 21, 4 1 0, S_0x5a263d954c40;
 .timescale 0 0;
    .port_info 0 /INPUT 1 "clk";
    .port_info 1 /INPUT 1 "rstn";
    .port_info 2 /INPUT 1 "en";
    .port_info 3 /INPUT 32 "i_freq";
    .port_info 4 /OUTPUT 1 "o_toggle";
v0x5a263d975820_0 .net "clk", 0 0, v0x5a263d976c20_0;  alias, 1 drivers
v0x5a263d975910_0 .var "cnt", 31 0;
v0x5a263d9759f0_0 .net "en", 0 0, L_0x5a263d987170;  1 drivers
v0x5a263d975a90_0 .net "i_freq", 31 0, L_0x716b2cdb7018;  alias, 1 drivers
v0x5a263d975b70_0 .var "o_toggle", 0 0;
v0x5a263d975c80_0 .net "rstn", 0 0, v0x5a263d976e90_0;  alias, 1 drivers
S_0x5a263d975e10 .scope module, "u_counter_50M" "Counter" 3 29, 4 1 0, S_0x5a263d954c40;
 .timescale 0 0;
    .port_info 0 /INPUT 1 "clk";
    .port_info 1 /INPUT 1 "rstn";
    .port_info 2 /INPUT 1 "en";
    .port_info 3 /INPUT 32 "i_freq";
    .port_info 4 /OUTPUT 1 "o_toggle";
v0x5a263d975ff0_0 .net "clk", 0 0, v0x5a263d976c20_0;  alias, 1 drivers
v0x5a263d9760b0_0 .var "cnt", 31 0;
v0x5a263d976190_0 .net "en", 0 0, L_0x5a263d987260;  1 drivers
v0x5a263d976230_0 .net "i_freq", 31 0, L_0x716b2cdb7060;  alias, 1 drivers
v0x5a263d976310_0 .var "o_toggle", 0 0;
v0x5a263d976420_0 .net "rstn", 0 0, v0x5a263d976e90_0;  alias, 1 drivers
    .scope S_0x5a263d975610;
T_0 ;
    %wait E_0x5a263d94f0c0;
    %load/vec4 v0x5a263d975c80_0;
    %inv;
    %flag_set/vec4 8;
    %jmp/0xz  T_0.0, 8;
    %pushi/vec4 0, 0, 32;
    %assign/vec4 v0x5a263d975910_0, 0;
    %pushi/vec4 0, 0, 1;
    %assign/vec4 v0x5a263d975b70_0, 0;
    %jmp T_0.1;
T_0.0 ;
    %load/vec4 v0x5a263d9759f0_0;
    %flag_set/vec4 8;
    %jmp/0xz  T_0.2, 8;
    %pushi/vec4 0, 0, 32;
    %assign/vec4 v0x5a263d975910_0, 0;
    %pushi/vec4 0, 0, 1;
    %assign/vec4 v0x5a263d975b70_0, 0;
    %jmp T_0.3;
T_0.2 ;
    %load/vec4 v0x5a263d975a90_0;
    %subi 1, 0, 32;
    %load/vec4 v0x5a263d975910_0;
    %cmp/u;
    %flag_or 5, 4;
    %jmp/0xz  T_0.4, 5;
    %pushi/vec4 0, 0, 32;
    %assign/vec4 v0x5a263d975910_0, 0;
    %load/vec4 v0x5a263d975b70_0;
    %inv;
    %assign/vec4 v0x5a263d975b70_0, 0;
    %jmp T_0.5;
T_0.4 ;
    %load/vec4 v0x5a263d975910_0;
    %addi 1, 0, 32;
    %assign/vec4 v0x5a263d975910_0, 0;
T_0.5 ;
T_0.3 ;
T_0.1 ;
    %jmp T_0;
    .thread T_0;
    .scope S_0x5a263d975e10;
T_1 ;
    %wait E_0x5a263d94f0c0;
    %load/vec4 v0x5a263d976420_0;
    %inv;
    %flag_set/vec4 8;
    %jmp/0xz  T_1.0, 8;
    %pushi/vec4 0, 0, 32;
    %assign/vec4 v0x5a263d9760b0_0, 0;
    %pushi/vec4 0, 0, 1;
    %assign/vec4 v0x5a263d976310_0, 0;
    %jmp T_1.1;
T_1.0 ;
    %load/vec4 v0x5a263d976190_0;
    %flag_set/vec4 8;
    %jmp/0xz  T_1.2, 8;
    %pushi/vec4 0, 0, 32;
    %assign/vec4 v0x5a263d9760b0_0, 0;
    %pushi/vec4 0, 0, 1;
    %assign/vec4 v0x5a263d976310_0, 0;
    %jmp T_1.3;
T_1.2 ;
    %load/vec4 v0x5a263d976230_0;
    %subi 1, 0, 32;
    %load/vec4 v0x5a263d9760b0_0;
    %cmp/u;
    %flag_or 5, 4;
    %jmp/0xz  T_1.4, 5;
    %pushi/vec4 0, 0, 32;
    %assign/vec4 v0x5a263d9760b0_0, 0;
    %load/vec4 v0x5a263d976310_0;
    %inv;
    %assign/vec4 v0x5a263d976310_0, 0;
    %jmp T_1.5;
T_1.4 ;
    %load/vec4 v0x5a263d9760b0_0;
    %addi 1, 0, 32;
    %assign/vec4 v0x5a263d9760b0_0, 0;
T_1.5 ;
T_1.3 ;
T_1.1 ;
    %jmp T_1;
    .thread T_1;
    .scope S_0x5a263d954dd0;
T_2 ;
    %wait E_0x5a263d94f0c0;
    %load/vec4 v0x5a263d943040_0;
    %inv;
    %flag_set/vec4 8;
    %jmp/0xz  T_2.0, 8;
    %pushi/vec4 0, 0, 32;
    %assign/vec4 v0x5a263d940b00_0, 0;
    %pushi/vec4 0, 0, 1;
    %assign/vec4 v0x5a263d945ca0_0, 0;
    %jmp T_2.1;
T_2.0 ;
    %load/vec4 v0x5a263d940c00_0;
    %flag_set/vec4 8;
    %jmp/0xz  T_2.2, 8;
    %pushi/vec4 0, 0, 32;
    %assign/vec4 v0x5a263d940b00_0, 0;
    %pushi/vec4 0, 0, 1;
    %assign/vec4 v0x5a263d945ca0_0, 0;
    %jmp T_2.3;
T_2.2 ;
    %load/vec4 v0x5a263d945ba0_0;
    %subi 1, 0, 32;
    %load/vec4 v0x5a263d940b00_0;
    %cmp/u;
    %flag_or 5, 4;
    %jmp/0xz  T_2.4, 5;
    %pushi/vec4 0, 0, 32;
    %assign/vec4 v0x5a263d940b00_0, 0;
    %load/vec4 v0x5a263d945ca0_0;
    %inv;
    %assign/vec4 v0x5a263d945ca0_0, 0;
    %jmp T_2.5;
T_2.4 ;
    %load/vec4 v0x5a263d940b00_0;
    %addi 1, 0, 32;
    %assign/vec4 v0x5a263d940b00_0, 0;
T_2.5 ;
T_2.3 ;
T_2.1 ;
    %jmp T_2;
    .thread T_2;
    .scope S_0x5a263d974f70;
T_3 ;
    %wait E_0x5a263d94f0c0;
    %load/vec4 v0x5a263d9754c0_0;
    %inv;
    %flag_set/vec4 8;
    %jmp/0xz  T_3.0, 8;
    %pushi/vec4 0, 0, 32;
    %assign/vec4 v0x5a263d975170_0, 0;
    %pushi/vec4 0, 0, 1;
    %assign/vec4 v0x5a263d9753b0_0, 0;
    %jmp T_3.1;
T_3.0 ;
    %load/vec4 v0x5a263d975230_0;
    %flag_set/vec4 8;
    %jmp/0xz  T_3.2, 8;
    %pushi/vec4 0, 0, 32;
    %assign/vec4 v0x5a263d975170_0, 0;
    %pushi/vec4 0, 0, 1;
    %assign/vec4 v0x5a263d9753b0_0, 0;
    %jmp T_3.3;
T_3.2 ;
    %load/vec4 v0x5a263d9752d0_0;
    %subi 1, 0, 32;
    %load/vec4 v0x5a263d975170_0;
    %cmp/u;
    %flag_or 5, 4;
    %jmp/0xz  T_3.4, 5;
    %pushi/vec4 0, 0, 32;
    %assign/vec4 v0x5a263d975170_0, 0;
    %load/vec4 v0x5a263d9753b0_0;
    %inv;
    %assign/vec4 v0x5a263d9753b0_0, 0;
    %jmp T_3.5;
T_3.4 ;
    %load/vec4 v0x5a263d975170_0;
    %addi 1, 0, 32;
    %assign/vec4 v0x5a263d975170_0, 0;
T_3.5 ;
T_3.3 ;
T_3.1 ;
    %jmp T_3;
    .thread T_3;
    .scope S_0x5a263d948080;
T_4 ;
    %delay 5000, 0;
    %load/vec4 v0x5a263d976c20_0;
    %inv;
    %store/vec4 v0x5a263d976c20_0, 0, 1;
    %jmp T_4;
    .thread T_4;
    .scope S_0x5a263d948080;
T_5 ;
    %vpi_call 2 34 "$dumpfile", "out.vvp" {0 0 0};
    %vpi_call 2 35 "$dumpvars", 32'sb00000000000000000000000000000000, S_0x5a263d948080 {0 0 0};
    %vpi_call 2 38 "$display", "initialize value [%0d]", $time {0 0 0};
    %pushi/vec4 1, 0, 1;
    %store/vec4 v0x5a263d976e90_0, 0, 1;
    %pushi/vec4 0, 0, 1;
    %store/vec4 v0x5a263d976c20_0, 0, 1;
    %pushi/vec4 0, 0, 2;
    %store/vec4 v0x5a263d976f30_0, 0, 2;
    %vpi_call 2 44 "$display", "Reset! [%0d]", $time {0 0 0};
    %delay 100000, 0;
    %pushi/vec4 0, 0, 1;
    %store/vec4 v0x5a263d976e90_0, 0, 1;
    %delay 10000, 0;
    %pushi/vec4 1, 0, 1;
    %store/vec4 v0x5a263d976e90_0, 0, 1;
    %delay 10000, 0;
    %wait E_0x5a263d94eba0;
    %vpi_call 2 52 "$display", "sw on [%0d]", $time {0 0 0};
    %pushi/vec4 3, 0, 2;
    %store/vec4 v0x5a263d976f30_0, 0, 2;
    %vpi_call 2 55 "$display", "Start! [%0d]", $time {0 0 0};
    %pushi/vec4 0, 0, 32;
    %store/vec4 v0x5a263d976ce0_0, 0, 32;
T_5.0 ;
    %load/vec4 v0x5a263d976ce0_0;
    %cmpi/u 400, 0, 32;
    %jmp/0xz T_5.1, 5;
    %wait E_0x5a263d94eba0;
    %load/vec4 v0x5a263d976ce0_0;
    %addi 1, 0, 32;
    %store/vec4 v0x5a263d976ce0_0, 0, 32;
    %jmp T_5.0;
T_5.1 ;
    %delay 100000, 0;
    %vpi_call 2 62 "$finish" {0 0 0};
    %end;
    .thread T_5;
# The file index is used to find the file name in the following table.
:file_names 5;
    "N/A";
    "<interactive>";
    "../tb_lab5_matbi.v";
    "../Blink.v";
    "../Counter.v";
