#! /usr/bin/vvp
:ivl_version "11.0 (stable)";
:ivl_delay_selection "TYPICAL";
:vpi_time_precision - 12;
:vpi_module "/usr/lib/x86_64-linux-gnu/ivl/system.vpi";
:vpi_module "/usr/lib/x86_64-linux-gnu/ivl/vhdl_sys.vpi";
:vpi_module "/usr/lib/x86_64-linux-gnu/ivl/vhdl_textio.vpi";
:vpi_module "/usr/lib/x86_64-linux-gnu/ivl/v2005_math.vpi";
:vpi_module "/usr/lib/x86_64-linux-gnu/ivl/va_math.vpi";
S_0x5664ea6046e0 .scope module, "tb_matbi_watch_top" "tb_matbi_watch_top" 2 2;
 .timescale -9 -12;
P_0x5664ea602840 .param/l "P_COUNT_BIT" 1 2 3, +C4<00000000000000000000000000011110>;
P_0x5664ea602880 .param/l "P_HOUR_BIT" 1 2 6, +C4<00000000000000000000000000000101>;
P_0x5664ea6028c0 .param/l "P_MIN_BIT" 1 2 5, +C4<00000000000000000000000000000110>;
P_0x5664ea602900 .param/l "P_SEC_BIT" 1 2 4, +C4<00000000000000000000000000000110>;
v0x5664ea633c00_0 .var "clk", 0 0;
v0x5664ea633cc0_0 .var "i_freq", 29 0;
v0x5664ea633da0_0 .var "i_run_en", 0 0;
v0x5664ea633e90_0 .net "o_hour", 4 0, v0x5664ea633540_0;  1 drivers
v0x5664ea633f30_0 .net "o_min", 5 0, v0x5664ea6336a0_0;  1 drivers
v0x5664ea634020_0 .net "o_sec", 5 0, v0x5664ea633910_0;  1 drivers
v0x5664ea6340f0_0 .var "reset", 0 0;
S_0x5664ea6162f0 .scope module, "u_matbi_watch_top" "clock_arch1" 2 46, 3 1 0, S_0x5664ea6046e0;
 .timescale 0 0;
    .port_info 0 /INPUT 1 "clk";
    .port_info 1 /INPUT 1 "rst";
    .port_info 2 /INPUT 1 "en";
    .port_info 3 /OUTPUT 6 "sec_cnt";
    .port_info 4 /OUTPUT 6 "min_cnt";
    .port_info 5 /OUTPUT 5 "hour_cnt";
v0x5664ea632b70_0 .net *"_ivl_0", 31 0, L_0x5664ea6341e0;  1 drivers
L_0x7ab1b6b560a8 .functor BUFT 1, C4<00000000000000000000000000>, C4<0>, C4<0>, C4<0>;
v0x5664ea632c70_0 .net *"_ivl_11", 25 0, L_0x7ab1b6b560a8;  1 drivers
L_0x7ab1b6b560f0 .functor BUFT 1, C4<00000000000000000000000000111011>, C4<0>, C4<0>, C4<0>;
v0x5664ea632d50_0 .net/2u *"_ivl_12", 31 0, L_0x7ab1b6b560f0;  1 drivers
v0x5664ea632e40_0 .net *"_ivl_16", 31 0, L_0x5664ea6447b0;  1 drivers
L_0x7ab1b6b56138 .functor BUFT 1, C4<000000000000000000000000000>, C4<0>, C4<0>, C4<0>;
v0x5664ea632f20_0 .net *"_ivl_19", 26 0, L_0x7ab1b6b56138;  1 drivers
L_0x7ab1b6b56180 .functor BUFT 1, C4<00000000000000000000000000010111>, C4<0>, C4<0>, C4<0>;
v0x5664ea633050_0 .net/2u *"_ivl_20", 31 0, L_0x7ab1b6b56180;  1 drivers
L_0x7ab1b6b56018 .functor BUFT 1, C4<00000000000000000000000000>, C4<0>, C4<0>, C4<0>;
v0x5664ea633130_0 .net *"_ivl_3", 25 0, L_0x7ab1b6b56018;  1 drivers
L_0x7ab1b6b56060 .functor BUFT 1, C4<00000000000000000000000000111011>, C4<0>, C4<0>, C4<0>;
v0x5664ea633210_0 .net/2u *"_ivl_4", 31 0, L_0x7ab1b6b56060;  1 drivers
v0x5664ea6332f0_0 .net *"_ivl_8", 31 0, L_0x5664ea6444d0;  1 drivers
v0x5664ea6333d0_0 .net "clk", 0 0, v0x5664ea633c00_0;  1 drivers
v0x5664ea633470_0 .net "en", 0 0, v0x5664ea633da0_0;  1 drivers
v0x5664ea633540_0 .var "hour_cnt", 4 0;
v0x5664ea6335e0_0 .net "hour_th", 0 0, L_0x5664ea644940;  1 drivers
v0x5664ea6336a0_0 .var "min_cnt", 5 0;
v0x5664ea633780_0 .net "min_th", 0 0, L_0x5664ea644610;  1 drivers
v0x5664ea633840_0 .net "rst", 0 0, v0x5664ea6340f0_0;  1 drivers
v0x5664ea633910_0 .var "sec_cnt", 5 0;
v0x5664ea6339d0_0 .net "sec_th", 0 0, L_0x5664ea644360;  1 drivers
v0x5664ea633a90_0 .net "w_sec_tick", 0 0, v0x5664ea632920_0;  1 drivers
L_0x5664ea6341e0 .concat [ 6 26 0 0], v0x5664ea633910_0, L_0x7ab1b6b56018;
L_0x5664ea644360 .cmp/eq 32, L_0x5664ea6341e0, L_0x7ab1b6b56060;
L_0x5664ea6444d0 .concat [ 6 26 0 0], v0x5664ea6336a0_0, L_0x7ab1b6b560a8;
L_0x5664ea644610 .cmp/eq 32, L_0x5664ea6444d0, L_0x7ab1b6b560f0;
L_0x5664ea6447b0 .concat [ 5 27 0 0], v0x5664ea633540_0, L_0x7ab1b6b56138;
L_0x5664ea644940 .cmp/eq 32, L_0x5664ea6447b0, L_0x7ab1b6b56180;
S_0x5664ea6164d0 .scope module, "u_gen_sec" "gen_sec" 3 9, 4 1 0, S_0x5664ea6162f0;
 .timescale 0 0;
    .port_info 0 /INPUT 1 "clk";
    .port_info 1 /INPUT 1 "rst";
    .port_info 2 /INPUT 1 "en";
    .port_info 3 /OUTPUT 1 "o_sec_tick";
P_0x5664ea600330 .param/l "FREQ" 0 4 3, +C4<00000000000000000000000001100100>;
P_0x5664ea600370 .param/l "LOG2FREQ" 0 4 4, +C4<00000000000000000000000000000111>;
v0x5664ea602420_0 .net "clk", 0 0, v0x5664ea633c00_0;  alias, 1 drivers
v0x5664ea632770_0 .var "cnt", 6 0;
v0x5664ea632850_0 .net "en", 0 0, v0x5664ea633da0_0;  alias, 1 drivers
v0x5664ea632920_0 .var "o_sec_tick", 0 0;
v0x5664ea6329e0_0 .net "rst", 0 0, v0x5664ea6340f0_0;  alias, 1 drivers
E_0x5664ea60e6c0 .event posedge, v0x5664ea602420_0;
    .scope S_0x5664ea6164d0;
T_0 ;
    %wait E_0x5664ea60e6c0;
    %load/vec4 v0x5664ea6329e0_0;
    %flag_set/vec4 8;
    %jmp/0xz  T_0.0, 8;
    %pushi/vec4 0, 0, 7;
    %assign/vec4 v0x5664ea632770_0, 0;
    %pushi/vec4 0, 0, 1;
    %assign/vec4 v0x5664ea632920_0, 0;
    %jmp T_0.1;
T_0.0 ;
    %load/vec4 v0x5664ea632850_0;
    %flag_set/vec4 8;
    %jmp/0xz  T_0.2, 8;
    %load/vec4 v0x5664ea632770_0;
    %pad/u 32;
    %cmpi/e 99, 0, 32;
    %jmp/0xz  T_0.4, 4;
    %pushi/vec4 0, 0, 7;
    %assign/vec4 v0x5664ea632770_0, 0;
    %pushi/vec4 1, 0, 1;
    %assign/vec4 v0x5664ea632920_0, 0;
    %jmp T_0.5;
T_0.4 ;
    %load/vec4 v0x5664ea632770_0;
    %addi 1, 0, 7;
    %assign/vec4 v0x5664ea632770_0, 0;
    %pushi/vec4 0, 0, 1;
    %assign/vec4 v0x5664ea632920_0, 0;
T_0.5 ;
    %jmp T_0.3;
T_0.2 ;
    %pushi/vec4 0, 0, 1;
    %assign/vec4 v0x5664ea632920_0, 0;
T_0.3 ;
T_0.1 ;
    %jmp T_0;
    .thread T_0;
    .scope S_0x5664ea6162f0;
T_1 ;
    %wait E_0x5664ea60e6c0;
    %load/vec4 v0x5664ea633840_0;
    %flag_set/vec4 8;
    %jmp/0xz  T_1.0, 8;
    %pushi/vec4 0, 0, 6;
    %assign/vec4 v0x5664ea633910_0, 0;
    %pushi/vec4 0, 0, 6;
    %assign/vec4 v0x5664ea6336a0_0, 0;
    %pushi/vec4 0, 0, 5;
    %assign/vec4 v0x5664ea633540_0, 0;
    %jmp T_1.1;
T_1.0 ;
    %load/vec4 v0x5664ea633a90_0;
    %flag_set/vec4 8;
    %jmp/0xz  T_1.2, 8;
    %load/vec4 v0x5664ea6339d0_0;
    %flag_set/vec4 8;
    %jmp/0xz  T_1.4, 8;
    %pushi/vec4 0, 0, 6;
    %assign/vec4 v0x5664ea633910_0, 0;
    %load/vec4 v0x5664ea633780_0;
    %flag_set/vec4 8;
    %jmp/0xz  T_1.6, 8;
    %pushi/vec4 0, 0, 6;
    %assign/vec4 v0x5664ea6336a0_0, 0;
    %load/vec4 v0x5664ea6335e0_0;
    %flag_set/vec4 8;
    %jmp/0 T_1.8, 8;
    %pushi/vec4 0, 0, 5;
    %jmp/1 T_1.9, 8;
T_1.8 ; End of true expr.
    %load/vec4 v0x5664ea633540_0;
    %addi 1, 0, 5;
    %jmp/0 T_1.9, 8;
 ; End of false expr.
    %blend;
T_1.9;
    %assign/vec4 v0x5664ea633540_0, 0;
    %jmp T_1.7;
T_1.6 ;
    %load/vec4 v0x5664ea6336a0_0;
    %addi 1, 0, 6;
    %assign/vec4 v0x5664ea6336a0_0, 0;
T_1.7 ;
    %jmp T_1.5;
T_1.4 ;
    %load/vec4 v0x5664ea633910_0;
    %addi 1, 0, 6;
    %assign/vec4 v0x5664ea633910_0, 0;
T_1.5 ;
T_1.2 ;
T_1.1 ;
    %jmp T_1;
    .thread T_1;
    .scope S_0x5664ea6046e0;
T_2 ;
    %delay 5000, 0;
    %load/vec4 v0x5664ea633c00_0;
    %inv;
    %store/vec4 v0x5664ea633c00_0, 0, 1;
    %jmp T_2;
    .thread T_2;
    .scope S_0x5664ea6046e0;
T_3 ;
    %vpi_call 2 21 "$dumpfile", "out.vvp" {0 0 0};
    %vpi_call 2 22 "$dumpvars", 32'sb00000000000000000000000000000000, S_0x5664ea6046e0 {0 0 0};
    %pushi/vec4 10, 0, 30;
    %assign/vec4 v0x5664ea633cc0_0, 0;
    %vpi_call 2 25 "$display", "initialize value [%d]", $time {0 0 0};
    %pushi/vec4 0, 0, 1;
    %assign/vec4 v0x5664ea6340f0_0, 0;
    %pushi/vec4 0, 0, 1;
    %assign/vec4 v0x5664ea633c00_0, 0;
    %pushi/vec4 0, 0, 1;
    %assign/vec4 v0x5664ea633da0_0, 0;
    %vpi_call 2 30 "$display", "Reset! [%d]", $time {0 0 0};
    %delay 100000, 0;
    %pushi/vec4 1, 0, 1;
    %assign/vec4 v0x5664ea6340f0_0, 0;
    %delay 10000, 0;
    %pushi/vec4 0, 0, 1;
    %assign/vec4 v0x5664ea6340f0_0, 0;
    %pushi/vec4 1, 0, 1;
    %assign/vec4 v0x5664ea633da0_0, 0;
    %delay 10000, 0;
    %wait E_0x5664ea60e6c0;
    %vpi_call 2 38 "$display", "Start! [%d]", $time {0 0 0};
    %delay 1410065408, 2;
    %vpi_call 2 40 "$display", "Finish! [%d]", $time {0 0 0};
    %pushi/vec4 0, 0, 1;
    %assign/vec4 v0x5664ea633da0_0, 0;
    %vpi_call 2 42 "$finish" {0 0 0};
    %end;
    .thread T_3;
# The file index is used to find the file name in the following table.
:file_names 5;
    "N/A";
    "<interactive>";
    "../tb_matbi_watch_top.sv";
    "../clock_arch1.v";
    "../gen_sec.v";
